2026-07-25 15:22:08 [INFO] (conftest.py:42) - 🚀 Starting test execution: 'test_cart'
2026-07-25 15:22:08 [INFO] (driver_factory.py:15) - Launching chrome..
2026-07-25 15:22:09 [INFO] (driver_factory.py:33) - The base URL: https://www.saucedemo.com 
2026-07-25 15:22:10 [INFO] (login_page.py:37) - Trying to login with the username: standard_user
2026-07-25 15:22:10 [INFO] (login_page.py:40) - Clicking login button..
2026-07-25 15:22:10 [INFO] (cart_page.py:20) - Adding the product to cart...
2026-07-25 15:22:11 [INFO] (cart_page.py:37) - Current cart count: 1
2026-07-25 15:22:11 [INFO] (cart_page.py:25) - Removing the product from cart..
2026-07-25 15:22:30 [INFO] (cart_page.py:37) - Current cart count: 1
2026-07-25 15:22:30 [ERROR] (conftest.py:63) - ❌ TEST FAILED: 'test_cart'
2026-07-25 15:22:30 [INFO] (screenshots.py:29) - Screenshot captured successfully and saved to: screenshots\2026-07-25\test_cart_failed_15-22-30.png
2026-07-25 15:22:33 [INFO] (conftest.py:51) - ⏱️ Finished test 'test_cart' in 24.38 seconds.
------------------------------------------------------------
2026-07-25 15:22:33 [INFO] (conftest.py:42) - 🚀 Starting test execution: 'test_checkout'
2026-07-25 15:22:33 [INFO] (driver_factory.py:15) - Launching chrome..
2026-07-25 15:22:34 [INFO] (driver_factory.py:33) - The base URL: https://www.saucedemo.com 
2026-07-25 15:22:34 [INFO] (login_page.py:37) - Trying to login with the username: standard_user
2026-07-25 15:22:35 [INFO] (login_page.py:40) - Clicking login button..
2026-07-25 15:22:35 [INFO] (cart_page.py:20) - Adding the product to cart...
2026-07-25 15:22:35 [INFO] (cart_page.py:37) - Current cart count: 1
2026-07-25 15:22:35 [INFO] (cart_page.py:30) - Navigating to the cart icon..
2026-07-25 15:22:35 [INFO] (checkout_page.py:21) - Clicking checkout button..
2026-07-25 15:22:43 [INFO] (checkout_page.py:25) - Entering first name: BVNS
2026-07-25 15:22:43 [INFO] (checkout_page.py:29) - Entering last name: kuravi
2026-07-25 15:22:43 [INFO] (checkout_page.py:33) - Entering zip code: 516002
2026-07-25 15:22:43 [INFO] (checkout_page.py:37) - Clicking continue button..
2026-07-25 15:22:44 [INFO] (checkout_page.py:41) - Clicking finish button..
2026-07-25 15:22:44 [INFO] (checkout_page.py:46) - Order status: Thank you for your order!
2026-07-25 15:22:44 [INFO] (conftest.py:71) - ✅ TEST PASSED: 'test_checkout'
2026-07-25 15:22:46 [INFO] (conftest.py:51) - ⏱️ Finished test 'test_checkout' in 13.48 seconds.
------------------------------------------------------------
2026-07-25 15:22:46 [INFO] (conftest.py:42) - 🚀 Starting test execution: 'test_inventory_item_count_and_titles'
2026-07-25 15:22:46 [INFO] (driver_factory.py:15) - Launching chrome..
2026-07-25 15:22:47 [INFO] (driver_factory.py:33) - The base URL: https://www.saucedemo.com 
2026-07-25 15:22:48 [INFO] (login_page.py:37) - Trying to login with the username: standard_user
2026-07-25 15:22:48 [INFO] (login_page.py:40) - Clicking login button..
2026-07-25 15:22:48 [INFO] (conftest.py:71) - ✅ TEST PASSED: 'test_inventory_item_count_and_titles'
2026-07-25 15:22:51 [INFO] (conftest.py:51) - ⏱️ Finished test 'test_inventory_item_count_and_titles' in 4.58 seconds.
------------------------------------------------------------
2026-07-25 15:22:51 [INFO] (conftest.py:42) - 🚀 Starting test execution: 'test_successful_login'
2026-07-25 15:22:51 [INFO] (driver_factory.py:15) - Launching chrome..
2026-07-25 15:22:52 [INFO] (driver_factory.py:33) - The base URL: https://www.saucedemo.com 
2026-07-25 15:22:52 [INFO] (login_page.py:37) - Trying to login with the username: standard_user
2026-07-25 15:22:53 [INFO] (login_page.py:40) - Clicking login button..
2026-07-25 15:22:53 [INFO] (conftest.py:71) - ✅ TEST PASSED: 'test_successful_login'
2026-07-25 15:22:55 [INFO] (conftest.py:51) - ⏱️ Finished test 'test_successful_login' in 4.52 seconds.
------------------------------------------------------------
2026-07-25 15:22:55 [INFO] (conftest.py:42) - 🚀 Starting test execution: 'test_locked_user'
2026-07-25 15:22:55 [INFO] (driver_factory.py:15) - Launching chrome..
2026-07-25 15:22:56 [INFO] (driver_factory.py:33) - The base URL: https://www.saucedemo.com 
2026-07-25 15:22:57 [INFO] (login_page.py:37) - Trying to login with the username: locked_out_user
2026-07-25 15:22:57 [INFO] (login_page.py:40) - Clicking login button..
2026-07-25 15:22:57 [INFO] (login_page.py:32) - Retrieved login error msg: Epic sadface: Sorry, this user has been locked out.
2026-07-25 15:22:57 [INFO] (conftest.py:71) - ✅ TEST PASSED: 'test_locked_user'
2026-07-25 15:23:00 [INFO] (conftest.py:51) - ⏱️ Finished test 'test_locked_user' in 4.38 seconds.
------------------------------------------------------------
